// Jest Snapshot v1, https://goo.gl/fbAQLP

exports[`matches the snapshot 1`] = `
<Modal>
  <Formik
    enableReinitialize={false}
    initialValues={
      Object {
        "verificationCode": "",
      }
    }
    isInitialValid={false}
    onSubmit={[Function]}
    render={[Function]}
    validate={[Function]}
    validateOnBlur={true}
    validateOnChange={true}
  />
</Modal>
`;
