// Jest Snapshot v1, https://goo.gl/fbAQLP

exports[`matches the snapshot 1`] = `
<Styled(Modal)>
  <styled.div>
    <styled.div>
      <styled.img
        src="failure-icon.png"
      />
    </styled.div>
    <styled.div>
      <p>
        Sorry, we couldn't log you in. Please try again. 
      </p>
      <styled.button
        onClick={[Function]}
      >
        LOG IN
      </styled.button>
    </styled.div>
  </styled.div>
</Styled(Modal)>
`;
